Archive member included to satisfy reference by file (symbol)

/Applications/STM32CubeIDE.app/Contents/Eclipse/plugins/com.st.stm32cube.ide.mcu.externaltools.gnu-tools-for-stm32.9-2020-q2-update.macos64_1.5.0.202011040924/tools/bin/../lib/gcc/arm-none-eabi/9.3.1/../../../../arm-none-eabi/lib/thumb/v6-m/nofp/libc_nano.a(lib_a-errno.o)
                              Core/Src/syscalls.o (__errno)
/Applications/STM32CubeIDE.app/Contents/Eclipse/plugins/com.st.stm32cube.ide.mcu.externaltools.gnu-tools-for-stm32.9-2020-q2-update.macos64_1.5.0.202011040924/tools/bin/../lib/gcc/arm-none-eabi/9.3.1/../../../../arm-none-eabi/lib/thumb/v6-m/nofp/libc_nano.a(lib_a-exit.o)
                              /Applications/STM32CubeIDE.app/Contents/Eclipse/plugins/com.st.stm32cube.ide.mcu.externaltools.gnu-tools-for-stm32.9-2020-q2-update.macos64_1.5.0.202011040924/tools/bin/../lib/gcc/arm-none-eabi/9.3.1/../../../../arm-none-eabi/lib/thumb/v6-m/nofp/crt0.o (exit)
/Applications/STM32CubeIDE.app/Contents/Eclipse/plugins/com.st.stm32cube.ide.mcu.externaltools.gnu-tools-for-stm32.9-2020-q2-update.macos64_1.5.0.202011040924/tools/bin/../lib/gcc/arm-none-eabi/9.3.1/../../../../arm-none-eabi/lib/thumb/v6-m/nofp/libc_nano.a(lib_a-impure.o)
                              /Applications/STM32CubeIDE.app/Contents/Eclipse/plugins/com.st.stm32cube.ide.mcu.externaltools.gnu-tools-for-stm32.9-2020-q2-update.macos64_1.5.0.202011040924/tools/bin/../lib/gcc/arm-none-eabi/9.3.1/../../../../arm-none-eabi/lib/thumb/v6-m/nofp/libc_nano.a(lib_a-exit.o) (_global_impure_ptr)
/Applications/STM32CubeIDE.app/Contents/Eclipse/plugins/com.st.stm32cube.ide.mcu.externaltools.gnu-tools-for-stm32.9-2020-q2-update.macos64_1.5.0.202011040924/tools/bin/../lib/gcc/arm-none-eabi/9.3.1/../../../../arm-none-eabi/lib/thumb/v6-m/nofp/libc_nano.a(lib_a-init.o)
                              /Applications/STM32CubeIDE.app/Contents/Eclipse/plugins/com.st.stm32cube.ide.mcu.externaltools.gnu-tools-for-stm32.9-2020-q2-update.macos64_1.5.0.202011040924/tools/bin/../lib/gcc/arm-none-eabi/9.3.1/../../../../arm-none-eabi/lib/thumb/v6-m/nofp/crt0.o (__libc_init_array)
/Applications/STM32CubeIDE.app/Contents/Eclipse/plugins/com.st.stm32cube.ide.mcu.externaltools.gnu-tools-for-stm32.9-2020-q2-update.macos64_1.5.0.202011040924/tools/bin/../lib/gcc/arm-none-eabi/9.3.1/../../../../arm-none-eabi/lib/thumb/v6-m/nofp/libc_nano.a(lib_a-memset.o)
                              /Applications/STM32CubeIDE.app/Contents/Eclipse/plugins/com.st.stm32cube.ide.mcu.externaltools.gnu-tools-for-stm32.9-2020-q2-update.macos64_1.5.0.202011040924/tools/bin/../lib/gcc/arm-none-eabi/9.3.1/../../../../arm-none-eabi/lib/thumb/v6-m/nofp/crt0.o (memset)
/Applications/STM32CubeIDE.app/Contents/Eclipse/plugins/com.st.stm32cube.ide.mcu.externaltools.gnu-tools-for-stm32.9-2020-q2-update.macos64_1.5.0.202011040924/tools/bin/../lib/gcc/arm-none-eabi/9.3.1/thumb/v6-m/nofp/libgcc.a(_udivsi3.o)
                              Core/Src/system_stm32g0xx.o (__aeabi_uidiv)
/Applications/STM32CubeIDE.app/Contents/Eclipse/plugins/com.st.stm32cube.ide.mcu.externaltools.gnu-tools-for-stm32.9-2020-q2-update.macos64_1.5.0.202011040924/tools/bin/../lib/gcc/arm-none-eabi/9.3.1/thumb/v6-m/nofp/libgcc.a(_divsi3.o)
                              Drivers/STM32G0xx_HAL_Driver/Src/stm32g0xx_hal_uart_ex.o (__aeabi_idiv)
/Applications/STM32CubeIDE.app/Contents/Eclipse/plugins/com.st.stm32cube.ide.mcu.externaltools.gnu-tools-for-stm32.9-2020-q2-update.macos64_1.5.0.202011040924/tools/bin/../lib/gcc/arm-none-eabi/9.3.1/thumb/v6-m/nofp/libgcc.a(_dvmd_tls.o)
                              /Applications/STM32CubeIDE.app/Contents/Eclipse/plugins/com.st.stm32cube.ide.mcu.externaltools.gnu-tools-for-stm32.9-2020-q2-update.macos64_1.5.0.202011040924/tools/bin/../lib/gcc/arm-none-eabi/9.3.1/thumb/v6-m/nofp/libgcc.a(_udivsi3.o) (__aeabi_idiv0)

Allocating common symbols
Common symbol       size              file

uwTick              0x4               Drivers/STM32G0xx_HAL_Driver/Src/stm32g0xx_hal.o
hdma_usart2_tx      0x5c              Core/Src/main.o
huart2              0x90              Core/Src/main.o

Discarded input sections

 .text          0x0000000000000000        0x0 /Applications/STM32CubeIDE.app/Contents/Eclipse/plugins/com.st.stm32cube.ide.mcu.externaltools.gnu-tools-for-stm32.9-2020-q2-update.macos64_1.5.0.202011040924/tools/bin/../lib/gcc/arm-none-eabi/9.3.1/thumb/v6-m/nofp/crti.o
 .data          0x0000000000000000        0x0 /Applications/STM32CubeIDE.app/Contents/Eclipse/plugins/com.st.stm32cube.ide.mcu.externaltools.gnu-tools-for-stm32.9-2020-q2-update.macos64_1.5.0.202011040924/tools/bin/../lib/gcc/arm-none-eabi/9.3.1/thumb/v6-m/nofp/crti.o
 .bss           0x0000000000000000        0x0 /Applications/STM32CubeIDE.app/Contents/Eclipse/plugins/com.st.stm32cube.ide.mcu.externaltools.gnu-tools-for-stm32.9-2020-q2-update.macos64_1.5.0.202011040924/tools/bin/../lib/gcc/arm-none-eabi/9.3.1/thumb/v6-m/nofp/crti.o
[...]
Memory Configuration

Name             Origin             Length             Attributes
RAM              0x0000000020000000 0x0000000000009000 xrw
FLASH            0x0000000008000000 0x0000000000020000 xr
*default*        0x0000000000000000 0xffffffffffffffff

Linker script and memory map

LOAD /Applications/STM32CubeIDE.app/Contents/Eclipse/plugins/com.st.stm32cube.ide.mcu.externaltools.gnu-tools-for-stm32.9-2020-q2-update.macos64_1.5.0.202011040924/tools/bin/../lib/gcc/arm-none-eabi/9.3.1/thumb/v6-m/nofp/crti.o
LOAD /Applications/STM32CubeIDE.app/Contents/Eclipse/plugins/com.st.stm32cube.ide.mcu.externaltools.gnu-tools-for-stm32.9-2020-q2-update.macos64_1.5.0.202011040924/tools/bin/../lib/gcc/arm-none-eabi/9.3.1/thumb/v6-m/nofp/crtbegin.o
LOAD /Applications/STM32CubeIDE.app/Contents/Eclipse/plugins/com.st.stm32cube.ide.mcu.externaltools.gnu-tools-for-stm32.9-2020-q2-update.macos64_1.5.0.202011040924/tools/bin/../lib/gcc/arm-none-eabi/9.3.1/../../../../arm-none-eabi/lib/thumb/v6-m/nofp/crt0.o
LOAD Core/Src/main.o
LOAD Core/Src/parcel_locker.o
LOAD Core/Src/stm32g0xx_hal_msp.o
LOAD Core/Src/stm32g0xx_it.o
LOAD Core/Src/syscalls.o
LOAD Core/Src/sysmem.o
LOAD Core/Src/system_stm32g0xx.o
LOAD Core/Startup/startup_stm32g070rbtx.o
LOAD Drivers/STM32G0xx_HAL_Driver/Src/stm32g0xx_hal.o
LOAD Drivers/STM32G0xx_HAL_Driver/Src/stm32g0xx_hal_cortex.o
LOAD Drivers/STM32G0xx_HAL_Driver/Src/stm32g0xx_hal_dma.o
LOAD Drivers/STM32G0xx_HAL_Driver/Src/stm32g0xx_hal_dma_ex.o
LOAD Drivers/STM32G0xx_HAL_Driver/Src/stm32g0xx_hal_exti.o
LOAD Drivers/STM32G0xx_HAL_Driver/Src/stm32g0xx_hal_flash.o
LOAD Drivers/STM32G0xx_HAL_Driver/Src/stm32g0xx_hal_flash_ex.o
LOAD Drivers/STM32G0xx_HAL_Driver/Src/stm32g0xx_hal_gpio.o
LOAD Drivers/STM32G0xx_HAL_Driver/Src/stm32g0xx_hal_pwr.o
LOAD Drivers/STM32G0xx_HAL_Driver/Src/stm32g0xx_hal_pwr_ex.o
LOAD Drivers/STM32G0xx_HAL_Driver/Src/stm32g0xx_hal_rcc.o
LOAD Drivers/STM32G0xx_HAL_Driver/Src/stm32g0xx_hal_rcc_ex.o
LOAD Drivers/STM32G0xx_HAL_Driver/Src/stm32g0xx_hal_tim.o
LOAD Drivers/STM32G0xx_HAL_Driver/Src/stm32g0xx_hal_tim_ex.o
LOAD Drivers/STM32G0xx_HAL_Driver/Src/stm32g0xx_hal_uart.o
LOAD Drivers/STM32G0xx_HAL_Driver/Src/stm32g0xx_hal_uart_ex.o
LOAD Drivers/STM32G0xx_HAL_Driver/Src/stm32g0xx_ll_dma.o
LOAD Drivers/STM32G0xx_HAL_Driver/Src/stm32g0xx_ll_rcc.o
START GROUP
LOAD /Applications/STM32CubeIDE.app/Contents/Eclipse/plugins/com.st.stm32cube.ide.mcu.externaltools.gnu-tools-for-stm32.9-2020-q2-update.macos64_1.5.0.202011040924/tools/bin/../lib/gcc/arm-none-eabi/9.3.1/../../../../arm-none-eabi/lib/thumb/v6-m/nofp/libc_nano.a
LOAD /Applications/STM32CubeIDE.app/Contents/Eclipse/plugins/com.st.stm32cube.ide.mcu.externaltools.gnu-tools-for-stm32.9-2020-q2-update.macos64_1.5.0.202011040924/tools/bin/../lib/gcc/arm-none-eabi/9.3.1/../../../../arm-none-eabi/lib/thumb/v6-m/nofp/libm.a
END GROUP
START GROUP
LOAD /Applications/STM32CubeIDE.app/Contents/Eclipse/plugins/com.st.stm32cube.ide.mcu.externaltools.gnu-tools-for-stm32.9-2020-q2-update.macos64_1.5.0.202011040924/tools/bin/../lib/gcc/arm-none-eabi/9.3.1/thumb/v6-m/nofp/libgcc.a
LOAD /Applications/STM32CubeIDE.app/Contents/Eclipse/plugins/com.st.stm32cube.ide.mcu.externaltools.gnu-tools-for-stm32.9-2020-q2-update.macos64_1.5.0.202011040924/tools/bin/../lib/gcc/arm-none-eabi/9.3.1/../../../../arm-none-eabi/lib/thumb/v6-m/nofp/libc_nano.a
END GROUP
START GROUP
LOAD /Applications/STM32CubeIDE.app/Contents/Eclipse/plugins/com.st.stm32cube.ide.mcu.externaltools.gnu-tools-for-stm32.9-2020-q2-update.macos64_1.5.0.202011040924/tools/bin/../lib/gcc/arm-none-eabi/9.3.1/thumb/v6-m/nofp/libgcc.a
LOAD /Applications/STM32CubeIDE.app/Contents/Eclipse/plugins/com.st.stm32cube.ide.mcu.externaltools.gnu-tools-for-stm32.9-2020-q2-update.macos64_1.5.0.202011040924/tools/bin/../lib/gcc/arm-none-eabi/9.3.1/../../../../arm-none-eabi/lib/thumb/v6-m/nofp/libc_nano.a
LOAD /Applications/STM32CubeIDE.app/Contents/Eclipse/plugins/com.st.stm32cube.ide.mcu.externaltools.gnu-tools-for-stm32.9-2020-q2-update.macos64_1.5.0.202011040924/tools/bin/../lib/gcc/arm-none-eabi/9.3.1/../../../../arm-none-eabi/lib/thumb/v6-m/nofp/libnosys.a
END GROUP
START GROUP
LOAD /Applications/STM32CubeIDE.app/Contents/Eclipse/plugins/com.st.stm32cube.ide.mcu.externaltools.gnu-tools-for-stm32.9-2020-q2-update.macos64_1.5.0.202011040924/tools/bin/../lib/gcc/arm-none-eabi/9.3.1/thumb/v6-m/nofp/libgcc.a
LOAD /Applications/STM32CubeIDE.app/Contents/Eclipse/plugins/com.st.stm32cube.ide.mcu.externaltools.gnu-tools-for-stm32.9-2020-q2-update.macos64_1.5.0.202011040924/tools/bin/../lib/gcc/arm-none-eabi/9.3.1/../../../../arm-none-eabi/lib/thumb/v6-m/nofp/libc_nano.a
LOAD /Applications/STM32CubeIDE.app/Contents/Eclipse/plugins/com.st.stm32cube.ide.mcu.externaltools.gnu-tools-for-stm32.9-2020-q2-update.macos64_1.5.0.202011040924/tools/bin/../lib/gcc/arm-none-eabi/9.3.1/../../../../arm-none-eabi/lib/thumb/v6-m/nofp/libnosys.a
END GROUP
LOAD /Applications/STM32CubeIDE.app/Contents/Eclipse/plugins/com.st.stm32cube.ide.mcu.externaltools.gnu-tools-for-stm32.9-2020-q2-update.macos64_1.5.0.202011040924/tools/bin/../lib/gcc/arm-none-eabi/9.3.1/thumb/v6-m/nofp/crtend.o
LOAD /Applications/STM32CubeIDE.app/Contents/Eclipse/plugins/com.st.stm32cube.ide.mcu.externaltools.gnu-tools-for-stm32.9-2020-q2-update.macos64_1.5.0.202011040924/tools/bin/../lib/gcc/arm-none-eabi/9.3.1/thumb/v6-m/nofp/crtn.o
                0x0000000020009000                _estack = (ORIGIN (RAM) + LENGTH (RAM))
                0x0000000000000200                _Min_Heap_Size = 0x200
                0x0000000000000400                _Min_Stack_Size = 0x400

.isr_vector     0x0000000008000000       0xb8
                0x0000000008000000                . = ALIGN (0x4)
 *(.isr_vector)
 .isr_vector    0x0000000008000000       0xb8 Core/Startup/startup_stm32g070rbtx.o
                0x0000000008000000                g_pfnVectors
                0x00000000080000b8                . = ALIGN (0x4)

.text           0x00000000080000b8     0x3858
                0x00000000080000b8                . = ALIGN (0x4)
 *(.text)
 .text          0x00000000080000b8       0x48 /Applications/STM32CubeIDE.app/Contents/Eclipse/plugins/com.st.stm32cube.ide.mcu.externaltools.gnu-tools-for-stm32.9-2020-q2-update.macos64_1.5.0.202011040924/tools/bin/../lib/gcc/arm-none-eabi/9.3.1/thumb/v6-m/nofp/crtbegin.o
 .text          0x0000000008000100      0x114 /Applications/STM32CubeIDE.app/Contents/Eclipse/plugins/com.st.stm32cube.ide.mcu.externaltools.gnu-tools-for-stm32.9-2020-q2-update.macos64_1.5.0.202011040924/tools/bin/../lib/gcc/arm-none-eabi/9.3.1/thumb/v6-m/nofp/libgcc.a(_udivsi3.o)
                0x0000000008000100                __udivsi3
                0x0000000008000100                __aeabi_uidiv
                0x000000000800020c                __aeabi_uidivmod
 .text          0x0000000008000214      0x1d4 /Applications/STM32CubeIDE.app/Contents/Eclipse/plugins/com.st.stm32cube.ide.mcu.externaltools.gnu-tools-for-stm32.9-2020-q2-update.macos64_1.5.0.202011040924/tools/bin/../lib/gcc/arm-none-eabi/9.3.1/thumb/v6-m/nofp/libgcc.a(_divsi3.o)
                0x0000000008000214                __aeabi_idiv
                0x0000000008000214                __divsi3
                0x00000000080003e0                __aeabi_idivmod
 .text          0x00000000080003e8        0x4 /Applications/STM32CubeIDE.app/Contents/Eclipse/plugins/com.st.stm32cube.ide.mcu.externaltools.gnu-tools-for-stm32.9-2020-q2-update.macos64_1.5.0.202011040924/tools/bin/../lib/gcc/arm-none-eabi/9.3.1/thumb/v6-m/nofp/libgcc.a(_dvmd_tls.o)
                0x00000000080003e8                __aeabi_ldiv0
                0x00000000080003e8                __aeabi_idiv0
 *(.text*)
 .text.main     0x00000000080003ec       0x44 Core/Src/main.o
                0x00000000080003ec                main
 .text.SystemClock_Config
                0x0000000008000430       0xe2 Core/Src/main.o
                0x0000000008000430                SystemClock_Config
 *fill*         0x0000000008000512        0x2 
 .text.MX_USART2_UART_Init
                0x0000000008000514       0xa4 Core/Src/main.o
 .text.MX_DMA_Init
                0x00000000080005b8       0x3c Core/Src/main.o
 .text.MX_GPIO_Init
                0x00000000080005f4       0x6c Core/Src/main.o
 .text.Error_Handler
                0x0000000008000660        0xa Core/Src/main.o
                0x0000000008000660                Error_Handler
 *fill*         0x000000000800066a        0x2 
 .text.xv_prclcr_uart_rx_callback
                0x000000000800066c       0x5c Core/Src/parcel_locker.o
                0x000000000800066c                xv_prclcr_uart_rx_callback
 .text.err_prclcr_packet_decode
                0x00000000080006c8       0xb4 Core/Src/parcel_locker.o
                0x00000000080006c8                err_prclcr_packet_decode
 .text.err_prclcr_packet_save
                0x000000000800077c       0xf8 Core/Src/parcel_locker.o
                0x000000000800077c                err_prclcr_packet_save
 .text.v_prclcr_cmd_set
                0x0000000008000874       0xa0 Core/Src/parcel_locker.o
                0x0000000008000874                v_prclcr_cmd_set
 .text.err_prclcr_box_door_ctr
                0x0000000008000914      0x184 Core/Src/parcel_locker.o
                0x0000000008000914                err_prclcr_box_door_ctr
 .text.v_prclcr_box_door_satus
                0x0000000008000a98       0xb4 Core/Src/parcel_locker.o
                0x0000000008000a98                v_prclcr_box_door_satus
 .text.HAL_MspInit
                0x0000000008000b4c       0x50 Core/Src/stm32g0xx_hal_msp.o
                0x0000000008000b4c                HAL_MspInit
 .text.HAL_UART_MspInit
                0x0000000008000b9c      0x100 Core/Src/stm32g0xx_hal_msp.o
                0x0000000008000b9c                HAL_UART_MspInit
 .text.NMI_Handler
                0x0000000008000c9c        0x6 Core/Src/stm32g0xx_it.o
                0x0000000008000c9c                NMI_Handler
 .text.HardFault_Handler
                0x0000000008000ca2        0x6 Core/Src/stm32g0xx_it.o
                0x0000000008000ca2                HardFault_Handler
 .text.SVC_Handler
                0x0000000008000ca8        0xa Core/Src/stm32g0xx_it.o
                0x0000000008000ca8                SVC_Handler
 .text.PendSV_Handler
                0x0000000008000cb2        0xa Core/Src/stm32g0xx_it.o
                0x0000000008000cb2                PendSV_Handler
 .text.SysTick_Handler
                0x0000000008000cbc        0xe Core/Src/stm32g0xx_it.o
                0x0000000008000cbc                SysTick_Handler
 *fill*         0x0000000008000cca        0x2 
 .text.DMA1_Channel1_IRQHandler
                0x0000000008000ccc       0x18 Core/Src/stm32g0xx_it.o
                0x0000000008000ccc                DMA1_Channel1_IRQHandler
 .text.USART2_IRQHandler
                0x0000000008000ce4       0x18 Core/Src/stm32g0xx_it.o
                0x0000000008000ce4                USART2_IRQHandler
 .text.SystemInit
                0x0000000008000cfc       0x18 Core/Src/system_stm32g0xx.o
                0x0000000008000cfc                SystemInit
 .text.Reset_Handler
                0x0000000008000d14       0x50 Core/Startup/startup_stm32g070rbtx.o
                0x0000000008000d14                Reset_Handler
 .text.Default_Handler
                0x0000000008000d64        0x2 Core/Startup/startup_stm32g070rbtx.o
                0x0000000008000d64                TIM1_BRK_UP_TRG_COM_IRQHandler
                0x0000000008000d64                TIM6_IRQHandler
                0x0000000008000d64                I2C1_IRQHandler
                0x0000000008000d64                RTC_TAMP_IRQHandler
                0x0000000008000d64                SPI1_IRQHandler
                0x0000000008000d64                USART3_4_IRQHandler
                0x0000000008000d64                EXTI2_3_IRQHandler
                0x0000000008000d64                ADC1_IRQHandler
                0x0000000008000d64                I2C2_IRQHandler
                0x0000000008000d64                TIM17_IRQHandler
                0x0000000008000d64                TIM16_IRQHandler
                0x0000000008000d64                TIM3_IRQHandler
                0x0000000008000d64                EXTI4_15_IRQHandler
                0x0000000008000d64                RCC_IRQHandler
                0x0000000008000d64                Default_Handler
                0x0000000008000d64                TIM14_IRQHandler
                0x0000000008000d64                TIM7_IRQHandler
                0x0000000008000d64                TIM15_IRQHandler
                0x0000000008000d64                EXTI0_1_IRQHandler
                0x0000000008000d64                SPI2_IRQHandler
                0x0000000008000d64                WWDG_IRQHandler
                0x0000000008000d64                DMA1_Ch4_7_DMAMUX1_OVR_IRQHandler
                0x0000000008000d64                DMA1_Channel2_3_IRQHandler
                0x0000000008000d64                FLASH_IRQHandler
                0x0000000008000d64                USART1_IRQHandler
                0x0000000008000d64                TIM1_CC_IRQHandler
 *fill*         0x0000000008000d66        0x2 
 .text.HAL_Init
                0x0000000008000d68       0x40 Drivers/STM32G0xx_HAL_Driver/Src/stm32g0xx_hal.o
                0x0000000008000d68                HAL_Init
 .text.HAL_InitTick
                0x0000000008000da8       0x94 Drivers/STM32G0xx_HAL_Driver/Src/stm32g0xx_hal.o
                0x0000000008000da8                HAL_InitTick
 .text.HAL_IncTick
                0x0000000008000e3c       0x24 Drivers/STM32G0xx_HAL_Driver/Src/stm32g0xx_hal.o
                0x0000000008000e3c                HAL_IncTick
 .text.HAL_GetTick
                0x0000000008000e60       0x14 Drivers/STM32G0xx_HAL_Driver/Src/stm32g0xx_hal.o
                0x0000000008000e60                HAL_GetTick
 .text.HAL_SuspendTick
                0x0000000008000e74       0x1c Drivers/STM32G0xx_HAL_Driver/Src/stm32g0xx_hal.o
                0x0000000008000e74                HAL_SuspendTick
 .text.HAL_ResumeTick
                0x0000000008000e90       0x1c Drivers/STM32G0xx_HAL_Driver/Src/stm32g0xx_hal.o
                0x0000000008000e90                HAL_ResumeTick
 .text.HAL_SYSCFG_StrobeDBattpinsConfig
                0x0000000008000eac       0x2c Drivers/STM32G0xx_HAL_Driver/Src/stm32g0xx_hal.o
                0x0000000008000eac                HAL_SYSCFG_StrobeDBattpinsConfig
 .text.__NVIC_EnableIRQ
                0x0000000008000ed8       0x34 Drivers/STM32G0xx_HAL_Driver/Src/stm32g0xx_hal_cortex.o
 .text.__NVIC_SetPriority
                0x0000000008000f0c       0xdc Drivers/STM32G0xx_HAL_Driver/Src/stm32g0xx_hal_cortex.o
 .text.SysTick_Config
                0x0000000008000fe8       0x48 Drivers/STM32G0xx_HAL_Driver/Src/stm32g0xx_hal_cortex.o
 .text.HAL_NVIC_SetPriority
                0x0000000008001030       0x2a Drivers/STM32G0xx_HAL_Driver/Src/stm32g0xx_hal_cortex.o
                0x0000000008001030                HAL_NVIC_SetPriority
 .text.HAL_NVIC_EnableIRQ
                0x000000000800105a       0x20 Drivers/STM32G0xx_HAL_Driver/Src/stm32g0xx_hal_cortex.o
                0x000000000800105a                HAL_NVIC_EnableIRQ
 .text.HAL_SYSTICK_Config
                0x000000000800107a       0x1a Drivers/STM32G0xx_HAL_Driver/Src/stm32g0xx_hal_cortex.o
                0x000000000800107a                HAL_SYSTICK_Config
 .text.HAL_DMA_Init
                0x0000000008001094      0x114 Drivers/STM32G0xx_HAL_Driver/Src/stm32g0xx_hal_dma.o
                0x0000000008001094                HAL_DMA_Init
 .text.HAL_DMA_Start_IT
                0x00000000080011a8      0x10c Drivers/STM32G0xx_HAL_Driver/Src/stm32g0xx_hal_dma.o
                0x00000000080011a8                HAL_DMA_Start_IT
 .text.HAL_DMA_Abort
                0x00000000080012b4       0xc4 Drivers/STM32G0xx_HAL_Driver/Src/stm32g0xx_hal_dma.o
                0x00000000080012b4                HAL_DMA_Abort
 .text.HAL_DMA_Abort_IT
                0x0000000008001378       0xd4 Drivers/STM32G0xx_HAL_Driver/Src/stm32g0xx_hal_dma.o
                0x0000000008001378                HAL_DMA_Abort_IT
 .text.HAL_DMA_IRQHandler
                0x000000000800144c      0x164 Drivers/STM32G0xx_HAL_Driver/Src/stm32g0xx_hal_dma.o
                0x000000000800144c                HAL_DMA_IRQHandler
 .text.DMA_SetConfig
                0x00000000080015b0       0x80 Drivers/STM32G0xx_HAL_Driver/Src/stm32g0xx_hal_dma.o
 .text.DMA_CalcDMAMUXChannelBaseAndMask
                0x0000000008001630       0x58 Drivers/STM32G0xx_HAL_Driver/Src/stm32g0xx_hal_dma.o
 .text.DMA_CalcDMAMUXRequestGenBaseAndMask
                0x0000000008001688       0x48 Drivers/STM32G0xx_HAL_Driver/Src/stm32g0xx_hal_dma.o
 .text.HAL_GPIO_Init
                0x00000000080016d0      0x2c8 Drivers/STM32G0xx_HAL_Driver/Src/stm32g0xx_hal_gpio.o
                0x00000000080016d0                HAL_GPIO_Init
 .text.HAL_GPIO_WritePin
                0x0000000008001998       0x3a Drivers/STM32G0xx_HAL_Driver/Src/stm32g0xx_hal_gpio.o
                0x0000000008001998                HAL_GPIO_WritePin
 *fill*         0x00000000080019d2        0x2 
 .text.HAL_PWR_EnterSLEEPMode
                0x00000000080019d4       0x6c Drivers/STM32G0xx_HAL_Driver/Src/stm32g0xx_hal_pwr.o
                0x00000000080019d4                HAL_PWR_EnterSLEEPMode
 .text.HAL_PWREx_ControlVoltageScaling
                0x0000000008001a40       0x80 Drivers/STM32G0xx_HAL_Driver/Src/stm32g0xx_hal_pwr_ex.o
                0x0000000008001a40                HAL_PWREx_ControlVoltageScaling
 .text.HAL_PWREx_EnableLowPowerRunMode
                0x0000000008001ac0       0x1c Drivers/STM32G0xx_HAL_Driver/Src/stm32g0xx_hal_pwr_ex.o
                0x0000000008001ac0                HAL_PWREx_EnableLowPowerRunMode
 .text.HAL_PWREx_DisableLowPowerRunMode
                0x0000000008001adc       0x6c Drivers/STM32G0xx_HAL_Driver/Src/stm32g0xx_hal_pwr_ex.o
                0x0000000008001adc                HAL_PWREx_DisableLowPowerRunMode
 .text.LL_RCC_GetAPB1Prescaler
                0x0000000008001b48       0x18 Drivers/STM32G0xx_HAL_Driver/Src/stm32g0xx_hal_rcc.o
 .text.HAL_RCC_OscConfig
                0x0000000008001b60      0x62c Drivers/STM32G0xx_HAL_Driver/Src/stm32g0xx_hal_rcc.o
                0x0000000008001b60                HAL_RCC_OscConfig
 .text.HAL_RCC_ClockConfig
                0x000000000800218c      0x210 Drivers/STM32G0xx_HAL_Driver/Src/stm32g0xx_hal_rcc.o
                0x000000000800218c                HAL_RCC_ClockConfig
 .text.HAL_RCC_GetSysClockFreq
                0x000000000800239c      0x104 Drivers/STM32G0xx_HAL_Driver/Src/stm32g0xx_hal_rcc.o
                0x000000000800239c                HAL_RCC_GetSysClockFreq
 .text.HAL_RCC_GetHCLKFreq
                0x00000000080024a0       0x14 Drivers/STM32G0xx_HAL_Driver/Src/stm32g0xx_hal_rcc.o
                0x00000000080024a0                HAL_RCC_GetHCLKFreq
 .text.HAL_RCC_GetPCLK1Freq
                0x00000000080024b4       0x2c Drivers/STM32G0xx_HAL_Driver/Src/stm32g0xx_hal_rcc.o
                0x00000000080024b4                HAL_RCC_GetPCLK1Freq
 .text.HAL_RCCEx_PeriphCLKConfig
                0x00000000080024e0      0x268 Drivers/STM32G0xx_HAL_Driver/Src/stm32g0xx_hal_rcc_ex.o
                0x00000000080024e0                HAL_RCCEx_PeriphCLKConfig
 .text.HAL_UART_Init
                0x0000000008002748       0xac Drivers/STM32G0xx_HAL_Driver/Src/stm32g0xx_hal_uart.o
                0x0000000008002748                HAL_UART_Init
 .text.HAL_UART_Transmit_DMA
                0x00000000080027f4      0x128 Drivers/STM32G0xx_HAL_Driver/Src/stm32g0xx_hal_uart.o
                0x00000000080027f4                HAL_UART_Transmit_DMA
 .text.HAL_UART_IRQHandler
                0x000000000800291c      0x470 Drivers/STM32G0xx_HAL_Driver/Src/stm32g0xx_hal_uart.o
                0x000000000800291c                HAL_UART_IRQHandler
 .text.HAL_UART_TxCpltCallback
                0x0000000008002d8c       0x10 Drivers/STM32G0xx_HAL_Driver/Src/stm32g0xx_hal_uart.o
                0x0000000008002d8c                HAL_UART_TxCpltCallback
 .text.HAL_UART_TxHalfCpltCallback
                0x0000000008002d9c       0x10 Drivers/STM32G0xx_HAL_Driver/Src/stm32g0xx_hal_uart.o
                0x0000000008002d9c                HAL_UART_TxHalfCpltCallback
 .text.HAL_UART_ErrorCallback
                0x0000000008002dac       0x10 Drivers/STM32G0xx_HAL_Driver/Src/stm32g0xx_hal_uart.o
                0x0000000008002dac                HAL_UART_ErrorCallback
 .text.HAL_UARTEx_RxEventCallback
                0x0000000008002dbc       0x16 Drivers/STM32G0xx_HAL_Driver/Src/stm32g0xx_hal_uart.o
                0x0000000008002dbc                HAL_UARTEx_RxEventCallback
 *fill*         0x0000000008002dd2        0x2 
 .text.UART_SetConfig
                0x0000000008002dd4      0x354 Drivers/STM32G0xx_HAL_Driver/Src/stm32g0xx_hal_uart.o
                0x0000000008002dd4                UART_SetConfig
 .text.UART_AdvFeatureConfig
                0x0000000008003128      0x168 Drivers/STM32G0xx_HAL_Driver/Src/stm32g0xx_hal_uart.o
                0x0000000008003128                UART_AdvFeatureConfig
 .text.UART_CheckIdleState
                0x0000000008003290       0x94 Drivers/STM32G0xx_HAL_Driver/Src/stm32g0xx_hal_uart.o
                0x0000000008003290                UART_CheckIdleState
 .text.UART_WaitOnFlagUntilTimeout
                0x0000000008003324      0x104 Drivers/STM32G0xx_HAL_Driver/Src/stm32g0xx_hal_uart.o
                0x0000000008003324                UART_WaitOnFlagUntilTimeout
 .text.UART_EndTxTransfer
                0x0000000008003428       0x3c Drivers/STM32G0xx_HAL_Driver/Src/stm32g0xx_hal_uart.o
 .text.UART_EndRxTransfer
                0x0000000008003464       0x64 Drivers/STM32G0xx_HAL_Driver/Src/stm32g0xx_hal_uart.o
 .text.UART_DMATransmitCplt
                0x00000000080034c8       0x54 Drivers/STM32G0xx_HAL_Driver/Src/stm32g0xx_hal_uart.o
 .text.UART_DMATxHalfCplt
                0x000000000800351c       0x1e Drivers/STM32G0xx_HAL_Driver/Src/stm32g0xx_hal_uart.o
 .text.UART_DMAError
                0x000000000800353a       0x86 Drivers/STM32G0xx_HAL_Driver/Src/stm32g0xx_hal_uart.o
 .text.UART_DMAAbortOnError
                0x00000000080035c0       0x2e Drivers/STM32G0xx_HAL_Driver/Src/stm32g0xx_hal_uart.o
 .text.UART_EndTransmit_IT
                0x00000000080035ee       0x36 Drivers/STM32G0xx_HAL_Driver/Src/stm32g0xx_hal_uart.o
 .text.HAL_UARTEx_WakeupCallback
                0x0000000008003624       0x10 Drivers/STM32G0xx_HAL_Driver/Src/stm32g0xx_hal_uart_ex.o
                0x0000000008003624                HAL_UARTEx_WakeupCallback
 .text.HAL_UARTEx_RxFifoFullCallback
                0x0000000008003634       0x10 Drivers/STM32G0xx_HAL_Driver/Src/stm32g0xx_hal_uart_ex.o
                0x0000000008003634                HAL_UARTEx_RxFifoFullCallback
 .text.HAL_UARTEx_TxFifoEmptyCallback
                0x0000000008003644       0x10 Drivers/STM32G0xx_HAL_Driver/Src/stm32g0xx_hal_uart_ex.o
                0x0000000008003644                HAL_UARTEx_TxFifoEmptyCallback
 .text.HAL_UARTEx_DisableFifoMode
                0x0000000008003654       0x74 Drivers/STM32G0xx_HAL_Driver/Src/stm32g0xx_hal_uart_ex.o
                0x0000000008003654                HAL_UARTEx_DisableFifoMode
 .text.HAL_UARTEx_SetTxFifoThreshold
                0x00000000080036c8       0x7e Drivers/STM32G0xx_HAL_Driver/Src/stm32g0xx_hal_uart_ex.o
                0x00000000080036c8                HAL_UARTEx_SetTxFifoThreshold
 *fill*         0x0000000008003746        0x2 
 .text.HAL_UARTEx_SetRxFifoThreshold
                0x0000000008003748       0x84 Drivers/STM32G0xx_HAL_Driver/Src/stm32g0xx_hal_uart_ex.o
                0x0000000008003748                HAL_UARTEx_SetRxFifoThreshold
 .text.UARTEx_SetNbDataToProcess
                0x00000000080037cc       0xd4 Drivers/STM32G0xx_HAL_Driver/Src/stm32g0xx_hal_uart_ex.o
 .text.__libc_init_array
                0x00000000080038a0       0x48 /Applications/STM32CubeIDE.app/Contents/Eclipse/plugins/com.st.stm32cube.ide.mcu.externaltools.gnu-tools-for-stm32.9-2020-q2-update.macos64_1.5.0.202011040924/tools/bin/../lib/gcc/arm-none-eabi/9.3.1/../../../../arm-none-eabi/lib/thumb/v6-m/nofp/libc_nano.a(lib_a-init.o)
                0x00000000080038a0                __libc_init_array
 .text.memset   0x00000000080038e8       0x10 /Applications/STM32CubeIDE.app/Contents/Eclipse/plugins/com.st.stm32cube.ide.mcu.externaltools.gnu-tools-for-stm32.9-2020-q2-update.macos64_1.5.0.202011040924/tools/bin/../lib/gcc/arm-none-eabi/9.3.1/../../../../arm-none-eabi/lib/thumb/v6-m/nofp/libc_nano.a(lib_a-memset.o)
                0x00000000080038e8                memset
 *(.glue_7)
 .glue_7        0x00000000080038f8        0x0 linker stubs
 *(.glue_7t)
 .glue_7t       0x00000000080038f8        0x0 linker stubs
 *(.eh_frame)
 .eh_frame      0x00000000080038f8        0x0 /Applications/STM32CubeIDE.app/Contents/Eclipse/plugins/com.st.stm32cube.ide.mcu.externaltools.gnu-tools-for-stm32.9-2020-q2-update.macos64_1.5.0.202011040924/tools/bin/../lib/gcc/arm-none-eabi/9.3.1/thumb/v6-m/nofp/crtbegin.o
 *(.init)
 .init          0x00000000080038f8        0x4 /Applications/STM32CubeIDE.app/Contents/Eclipse/plugins/com.st.stm32cube.ide.mcu.externaltools.gnu-tools-for-stm32.9-2020-q2-update.macos64_1.5.0.202011040924/tools/bin/../lib/gcc/arm-none-eabi/9.3.1/thumb/v6-m/nofp/crti.o
                0x00000000080038f8                _init
 .init          0x00000000080038fc        0x8 /Applications/STM32CubeIDE.app/Contents/Eclipse/plugins/com.st.stm32cube.ide.mcu.externaltools.gnu-tools-for-stm32.9-2020-q2-update.macos64_1.5.0.202011040924/tools/bin/../lib/gcc/arm-none-eabi/9.3.1/thumb/v6-m/nofp/crtn.o
 *(.fini)
 .fini          0x0000000008003904        0x4 /Applications/STM32CubeIDE.app/Contents/Eclipse/plugins/com.st.stm32cube.ide.mcu.externaltools.gnu-tools-for-stm32.9-2020-q2-update.macos64_1.5.0.202011040924/tools/bin/../lib/gcc/arm-none-eabi/9.3.1/thumb/v6-m/nofp/crti.o
                0x0000000008003904                _fini
 .fini          0x0000000008003908        0x8 /Applications/STM32CubeIDE.app/Contents/Eclipse/plugins/com.st.stm32cube.ide.mcu.externaltools.gnu-tools-for-stm32.9-2020-q2-update.macos64_1.5.0.202011040924/tools/bin/../lib/gcc/arm-none-eabi/9.3.1/thumb/v6-m/nofp/crtn.o
                0x0000000008003910                . = ALIGN (0x4)
                0x0000000008003910                _etext = .

.vfp11_veneer   0x0000000008003910        0x0
 .vfp11_veneer  0x0000000008003910        0x0 linker stubs

.v4_bx          0x0000000008003910        0x0
 .v4_bx         0x0000000008003910        0x0 linker stubs

.iplt           0x0000000008003910        0x0
 .iplt          0x0000000008003910        0x0 /Applications/STM32CubeIDE.app/Contents/Eclipse/plugins/com.st.stm32cube.ide.mcu.externaltools.gnu-tools-for-stm32.9-2020-q2-update.macos64_1.5.0.202011040924/tools/bin/../lib/gcc/arm-none-eabi/9.3.1/thumb/v6-m/nofp/crtbegin.o

.rodata         0x0000000008003910       0xc8
                0x0000000008003910                . = ALIGN (0x4)
 *(.rodata)
 .rodata        0x0000000008003910       0x10 Drivers/STM32G0xx_HAL_Driver/Src/stm32g0xx_hal_uart_ex.o
 *(.rodata*)
 .rodata.err_prclcr_packet_save
                0x0000000008003920       0x18 Core/Src/parcel_locker.o
 .rodata.v_prclcr_cmd_set
                0x0000000008003938       0x28 Core/Src/parcel_locker.o
 .rodata.AHBPrescTable
                0x0000000008003960       0x40 Core/Src/system_stm32g0xx.o
                0x0000000008003960                AHBPrescTable
 .rodata.APBPrescTable
                0x00000000080039a0       0x20 Core/Src/system_stm32g0xx.o
                0x00000000080039a0                APBPrescTable
 .rodata.UARTPrescTable
                0x00000000080039c0       0x18 Drivers/STM32G0xx_HAL_Driver/Src/stm32g0xx_hal_uart.o
                0x00000000080039c0                UARTPrescTable
                0x00000000080039d8                . = ALIGN (0x4)

.rel.dyn        0x00000000080039d8        0x0
 .rel.iplt      0x00000000080039d8        0x0 /Applications/STM32CubeIDE.app/Contents/Eclipse/plugins/com.st.stm32cube.ide.mcu.externaltools.gnu-tools-for-stm32.9-2020-q2-update.macos64_1.5.0.202011040924/tools/bin/../lib/gcc/arm-none-eabi/9.3.1/thumb/v6-m/nofp/crtbegin.o

.ARM.extab      0x00000000080039d8        0x0
                0x00000000080039d8                . = ALIGN (0x4)
 *(.ARM.extab* .gnu.linkonce.armextab.*)
                0x00000000080039d8                . = ALIGN (0x4)

.ARM            0x00000000080039d8        0x0
                0x00000000080039d8                . = ALIGN (0x4)
                0x00000000080039d8                __exidx_start = .
 *(.ARM.exidx*)
                0x00000000080039d8                __exidx_end = .
                0x00000000080039d8                . = ALIGN (0x4)

.preinit_array  0x00000000080039d8        0x0
                0x00000000080039d8                . = ALIGN (0x4)
                0x00000000080039d8                PROVIDE (__preinit_array_start = .)
 *(.preinit_array*)
                0x00000000080039d8                PROVIDE (__preinit_array_end = .)
                0x00000000080039d8                . = ALIGN (0x4)

.init_array     0x00000000080039d8        0x4
                0x00000000080039d8                . = ALIGN (0x4)
                0x00000000080039d8                PROVIDE (__init_array_start = .)
 *(SORT_BY_NAME(.init_array.*))
 *(.init_array*)
 .init_array    0x00000000080039d8        0x4 /Applications/STM32CubeIDE.app/Contents/Eclipse/plugins/com.st.stm32cube.ide.mcu.externaltools.gnu-tools-for-stm32.9-2020-q2-update.macos64_1.5.0.202011040924/tools/bin/../lib/gcc/arm-none-eabi/9.3.1/thumb/v6-m/nofp/crtbegin.o
                0x00000000080039dc                PROVIDE (__init_array_end = .)
                0x00000000080039dc                . = ALIGN (0x4)

.fini_array     0x00000000080039dc        0x4
                0x00000000080039dc                . = ALIGN (0x4)
                [!provide]                        PROVIDE (__fini_array_start = .)
 *(SORT_BY_NAME(.fini_array.*))
 *(.fini_array*)
 .fini_array    0x00000000080039dc        0x4 /Applications/STM32CubeIDE.app/Contents/Eclipse/plugins/com.st.stm32cube.ide.mcu.externaltools.gnu-tools-for-stm32.9-2020-q2-update.macos64_1.5.0.202011040924/tools/bin/../lib/gcc/arm-none-eabi/9.3.1/thumb/v6-m/nofp/crtbegin.o
                [!provide]                        PROVIDE (__fini_array_end = .)
                0x00000000080039e0                . = ALIGN (0x4)
                0x00000000080039e0                _sidata = LOADADDR (.data)

.data           0x0000000020000000       0x18 load address 0x00000000080039e0
                0x0000000020000000                . = ALIGN (0x4)
                0x0000000020000000                _sdata = .
 *(.data)
 *(.data*)
 .data.lu32_cs_rx
                0x0000000020000000        0x4 Core/Src/parcel_locker.o
 .data.lu8_err_reply
                0x0000000020000004        0x8 Core/Src/parcel_locker.o
 .data.SystemCoreClock
                0x000000002000000c        0x4 Core/Src/system_stm32g0xx.o
                0x000000002000000c                SystemCoreClock
 .data.uwTickPrio
                0x0000000020000010        0x4 Drivers/STM32G0xx_HAL_Driver/Src/stm32g0xx_hal.o
                0x0000000020000010                uwTickPrio
 .data.uwTickFreq
                0x0000000020000014        0x1 Drivers/STM32G0xx_HAL_Driver/Src/stm32g0xx_hal.o
                0x0000000020000014                uwTickFreq
 *(.RamFunc)
 *(.RamFunc*)
                0x0000000020000018                . = ALIGN (0x4)
 *fill*         0x0000000020000015        0x3 
                0x0000000020000018                _edata = .

.igot.plt       0x0000000020000018        0x0 load address 0x00000000080039f8
 .igot.plt      0x0000000020000018        0x0 /Applications/STM32CubeIDE.app/Contents/Eclipse/plugins/com.st.stm32cube.ide.mcu.externaltools.gnu-tools-for-stm32.9-2020-q2-update.macos64_1.5.0.202011040924/tools/bin/../lib/gcc/arm-none-eabi/9.3.1/thumb/v6-m/nofp/crtbegin.o
                0x0000000020000018                . = ALIGN (0x4)

.bss            0x0000000020000018      0x428 load address 0x00000000080039f8
                0x0000000020000018                _sbss = .
                0x0000000020000018                __bss_start__ = _sbss
 *(.bss)
 .bss           0x0000000020000018       0x1c /Applications/STM32CubeIDE.app/Contents/Eclipse/plugins/com.st.stm32cube.ide.mcu.externaltools.gnu-tools-for-stm32.9-2020-q2-update.macos64_1.5.0.202011040924/tools/bin/../lib/gcc/arm-none-eabi/9.3.1/thumb/v6-m/nofp/crtbegin.o
 *(.bss*)
 .bss.ls_cmd_form_inst_rx
                0x0000000020000034        0x8 Core/Src/parcel_locker.o
 .bss.lu8_box_status
                0x000000002000003c      0x2fd Core/Src/parcel_locker.o
 *fill*         0x0000000020000339        0x3 
 .bss.lu8_cmd_form_inst_expand
                0x000000002000033c        0xa Core/Src/parcel_locker.o
 *fill*         0x0000000020000346        0x2 
 .bss.lp_box_run_function
                0x0000000020000348        0x4 Core/Src/parcel_locker.o
 .bss.u8_data_cnt.7031
                0x000000002000034c        0x1 Core/Src/parcel_locker.o
 *(COMMON)
 *fill*         0x000000002000034d        0x3 
 COMMON         0x0000000020000350       0xec Core/Src/main.o
                0x0000000020000350                hdma_usart2_tx
                0x00000000200003ac                huart2
 COMMON         0x000000002000043c        0x4 Drivers/STM32G0xx_HAL_Driver/Src/stm32g0xx_hal.o
                0x000000002000043c                uwTick
                0x0000000020000440                . = ALIGN (0x4)
                0x0000000020000440                _ebss = .
                0x0000000020000440                __bss_end__ = _ebss

._user_heap_stack
                0x0000000020000440      0x600 load address 0x00000000080039f8
                0x0000000020000440                . = ALIGN (0x8)
                [!provide]                        PROVIDE (end = .)
                0x0000000020000440                PROVIDE (_end = .)
                0x0000000020000640                . = (. + _Min_Heap_Size)
 *fill*         0x0000000020000440      0x200 
                0x0000000020000a40                . = (. + _Min_Stack_Size)
 *fill*         0x0000000020000640      0x400 
                0x0000000020000a40                . = ALIGN (0x8)

/DISCARD/
 libc.a(*)
 libm.a(*)
 libgcc.a(*)

.ARM.attributes
                0x0000000000000000       0x28
 *(.ARM.attributes)
 .ARM.attributes
                0x0000000000000000       0x1e /Applications/STM32CubeIDE.app/Contents/Eclipse/plugins/com.st.stm32cube.ide.mcu.externaltools.gnu-tools-for-stm32.9-2020-q2-update.macos64_1.5.0.202011040924/tools/bin/../lib/gcc/arm-none-eabi/9.3.1/thumb/v6-m/nofp/crti.o
 .ARM.attributes
                0x000000000000001e       0x2c /Applications/STM32CubeIDE.app/Contents/Eclipse/plugins/com.st.stm32cube.ide.mcu.externaltools.gnu-tools-for-stm32.9-2020-q2-update.macos64_1.5.0.202011040924/tools/bin/../lib/gcc/arm-none-eabi/9.3.1/thumb/v6-m/nofp/crtbegin.o
 .ARM.attributes
                0x000000000000004a       0x2c Core/Src/main.o
 .ARM.attributes
                0x0000000000000076       0x2c Core/Src/parcel_locker.o
 .ARM.attributes
                0x00000000000000a2       0x2c Core/Src/stm32g0xx_hal_msp.o
 .ARM.attributes
                0x00000000000000ce       0x2c Core/Src/stm32g0xx_it.o
 .ARM.attributes
                0x00000000000000fa       0x2c Core/Src/system_stm32g0xx.o
 .ARM.attributes
                0x0000000000000126       0x22 Core/Startup/startup_stm32g070rbtx.o
 .ARM.attributes
                0x0000000000000148       0x2c Drivers/STM32G0xx_HAL_Driver/Src/stm32g0xx_hal.o
 .ARM.attributes
                0x0000000000000174       0x2c Drivers/STM32G0xx_HAL_Driver/Src/stm32g0xx_hal_cortex.o
 .ARM.attributes
                0x00000000000001a0       0x2c Drivers/STM32G0xx_HAL_Driver/Src/stm32g0xx_hal_dma.o
 .ARM.attributes
                0x00000000000001cc       0x2c Drivers/STM32G0xx_HAL_Driver/Src/stm32g0xx_hal_gpio.o
 .ARM.attributes
                0x00000000000001f8       0x2c Drivers/STM32G0xx_HAL_Driver/Src/stm32g0xx_hal_pwr.o
 .ARM.attributes
                0x0000000000000224       0x2c Drivers/STM32G0xx_HAL_Driver/Src/stm32g0xx_hal_pwr_ex.o
 .ARM.attributes
                0x0000000000000250       0x2c Drivers/STM32G0xx_HAL_Driver/Src/stm32g0xx_hal_rcc.o
 .ARM.attributes
                0x000000000000027c       0x2c Drivers/STM32G0xx_HAL_Driver/Src/stm32g0xx_hal_rcc_ex.o
 .ARM.attributes
                0x00000000000002a8       0x2c Drivers/STM32G0xx_HAL_Driver/Src/stm32g0xx_hal_uart.o
 .ARM.attributes
                0x00000000000002d4       0x2c Drivers/STM32G0xx_HAL_Driver/Src/stm32g0xx_hal_uart_ex.o
 .ARM.attributes
                0x0000000000000300       0x2c /Applications/STM32CubeIDE.app/Contents/Eclipse/plugins/com.st.stm32cube.ide.mcu.externaltools.gnu-tools-for-stm32.9-2020-q2-update.macos64_1.5.0.202011040924/tools/bin/../lib/gcc/arm-none-eabi/9.3.1/../../../../arm-none-eabi/lib/thumb/v6-m/nofp/libc_nano.a(lib_a-init.o)
 .ARM.attributes
                0x000000000000032c       0x2c /Applications/STM32CubeIDE.app/Contents/Eclipse/plugins/com.st.stm32cube.ide.mcu.externaltools.gnu-tools-for-stm32.9-2020-q2-update.macos64_1.5.0.202011040924/tools/bin/../lib/gcc/arm-none-eabi/9.3.1/../../../../arm-none-eabi/lib/thumb/v6-m/nofp/libc_nano.a(lib_a-memset.o)
 .ARM.attributes
                0x0000000000000358       0x1e /Applications/STM32CubeIDE.app/Contents/Eclipse/plugins/com.st.stm32cube.ide.mcu.externaltools.gnu-tools-for-stm32.9-2020-q2-update.macos64_1.5.0.202011040924/tools/bin/../lib/gcc/arm-none-eabi/9.3.1/thumb/v6-m/nofp/libgcc.a(_udivsi3.o)
 .ARM.attributes
                0x0000000000000376       0x1e /Applications/STM32CubeIDE.app/Contents/Eclipse/plugins/com.st.stm32cube.ide.mcu.externaltools.gnu-tools-for-stm32.9-2020-q2-update.macos64_1.5.0.202011040924/tools/bin/../lib/gcc/arm-none-eabi/9.3.1/thumb/v6-m/nofp/libgcc.a(_divsi3.o)
 .ARM.attributes
                0x0000000000000394       0x1e /Applications/STM32CubeIDE.app/Contents/Eclipse/plugins/com.st.stm32cube.ide.mcu.externaltools.gnu-tools-for-stm32.9-2020-q2-update.macos64_1.5.0.202011040924/tools/bin/../lib/gcc/arm-none-eabi/9.3.1/thumb/v6-m/nofp/libgcc.a(_dvmd_tls.o)
 .ARM.attributes
                0x00000000000003b2       0x1e /Applications/STM32CubeIDE.app/Contents/Eclipse/plugins/com.st.stm32cube.ide.mcu.externaltools.gnu-tools-for-stm32.9-2020-q2-update.macos64_1.5.0.202011040924/tools/bin/../lib/gcc/arm-none-eabi/9.3.1/thumb/v6-m/nofp/crtn.o
OUTPUT(ParcelLocker_NUCLEO.elf elf32-littlearm)
LOAD linker stubs
LOAD /Applications/STM32CubeIDE.app/Contents/Eclipse/plugins/com.st.stm32cube.ide.mcu.externaltools.gnu-tools-for-stm32.9-2020-q2-update.macos64_1.5.0.202011040924/tools/bin/../lib/gcc/arm-none-eabi/9.3.1/../../../../arm-none-eabi/lib/thumb/v6-m/nofp/libc.a
LOAD /Applications/STM32CubeIDE.app/Contents/Eclipse/plugins/com.st.stm32cube.ide.mcu.externaltools.gnu-tools-for-stm32.9-2020-q2-update.macos64_1.5.0.202011040924/tools/bin/../lib/gcc/arm-none-eabi/9.3.1/../../../../arm-none-eabi/lib/thumb/v6-m/nofp/libm.a
LOAD /Applications/STM32CubeIDE.app/Contents/Eclipse/plugins/com.st.stm32cube.ide.mcu.externaltools.gnu-tools-for-stm32.9-2020-q2-update.macos64_1.5.0.202011040924/tools/bin/../lib/gcc/arm-none-eabi/9.3.1/thumb/v6-m/nofp/libgcc.a

.debug_info     0x0000000000000000     0xcd28
 .debug_info    0x0000000000000000     0x184b Core/Src/main.o
 .debug_info    0x000000000000184b     0x14f4 Core/Src/parcel_locker.o
 .debug_info    0x0000000000002d3f     0x15b1 Core/Src/stm32g0xx_hal_msp.o
 .debug_info    0x00000000000042f0     0x11e0 Core/Src/stm32g0xx_it.o
 .debug_info    0x00000000000054d0      0x53b Core/Src/system_stm32g0xx.o
 .debug_info    0x0000000000005a0b       0x22 Core/Startup/startup_stm32g070rbtx.o
 .debug_info    0x0000000000005a2d      0xa2b Drivers/STM32G0xx_HAL_Driver/Src/stm32g0xx_hal.o
 .debug_info    0x0000000000006458      0xa86 Drivers/STM32G0xx_HAL_Driver/Src/stm32g0xx_hal_cortex.o
 .debug_info    0x0000000000006ede      0xa25 Drivers/STM32G0xx_HAL_Driver/Src/stm32g0xx_hal_dma.o
 .debug_info    0x0000000000007903      0x750 Drivers/STM32G0xx_HAL_Driver/Src/stm32g0xx_hal_gpio.o
 .debug_info    0x0000000000008053      0x73a Drivers/STM32G0xx_HAL_Driver/Src/stm32g0xx_hal_pwr.o
 .debug_info    0x000000000000878d      0x66d Drivers/STM32G0xx_HAL_Driver/Src/stm32g0xx_hal_pwr_ex.o
 .debug_info    0x0000000000008dfa      0xbbc Drivers/STM32G0xx_HAL_Driver/Src/stm32g0xx_hal_rcc.o
 .debug_info    0x00000000000099b6      0x8f9 Drivers/STM32G0xx_HAL_Driver/Src/stm32g0xx_hal_rcc_ex.o
 .debug_info    0x000000000000a2af     0x1c2a Drivers/STM32G0xx_HAL_Driver/Src/stm32g0xx_hal_uart.o
 .debug_info    0x000000000000bed9      0xe4f Drivers/STM32G0xx_HAL_Driver/Src/stm32g0xx_hal_uart_ex.o

.debug_abbrev   0x0000000000000000     0x20c8
 .debug_abbrev  0x0000000000000000      0x2d9 Core/Src/main.o
 .debug_abbrev  0x00000000000002d9      0x2e3 Core/Src/parcel_locker.o
 .debug_abbrev  0x00000000000005bc      0x221 Core/Src/stm32g0xx_hal_msp.o
 .debug_abbrev  0x00000000000007dd      0x1f1 Core/Src/stm32g0xx_it.o
 .debug_abbrev  0x00000000000009ce      0x165 Core/Src/system_stm32g0xx.o
 .debug_abbrev  0x0000000000000b33       0x12 Core/Startup/startup_stm32g070rbtx.o
 .debug_abbrev  0x0000000000000b45      0x276 Drivers/STM32G0xx_HAL_Driver/Src/stm32g0xx_hal.o
 .debug_abbrev  0x0000000000000dbb      0x2c5 Drivers/STM32G0xx_HAL_Driver/Src/stm32g0xx_hal_cortex.o
 .debug_abbrev  0x0000000000001080      0x1ec Drivers/STM32G0xx_HAL_Driver/Src/stm32g0xx_hal_dma.o
 .debug_abbrev  0x000000000000126c      0x1df Drivers/STM32G0xx_HAL_Driver/Src/stm32g0xx_hal_gpio.o
 .debug_abbrev  0x000000000000144b      0x18c Drivers/STM32G0xx_HAL_Driver/Src/stm32g0xx_hal_pwr.o
 .debug_abbrev  0x00000000000015d7      0x204 Drivers/STM32G0xx_HAL_Driver/Src/stm32g0xx_hal_pwr_ex.o
 .debug_abbrev  0x00000000000017db      0x23d Drivers/STM32G0xx_HAL_Driver/Src/stm32g0xx_hal_rcc.o
 .debug_abbrev  0x0000000000001a18      0x1fc Drivers/STM32G0xx_HAL_Driver/Src/stm32g0xx_hal_rcc_ex.o
 .debug_abbrev  0x0000000000001c14      0x27f Drivers/STM32G0xx_HAL_Driver/Src/stm32g0xx_hal_uart.o
 .debug_abbrev  0x0000000000001e93      0x235 Drivers/STM32G0xx_HAL_Driver/Src/stm32g0xx_hal_uart_ex.o

.debug_aranges  0x0000000000000000      0x908
 .debug_aranges
                0x0000000000000000       0x50 Core/Src/main.o
 .debug_aranges
                0x0000000000000050       0x58 Core/Src/parcel_locker.o
 .debug_aranges
                0x00000000000000a8       0x30 Core/Src/stm32g0xx_hal_msp.o
 .debug_aranges
                0x00000000000000d8       0x50 Core/Src/stm32g0xx_it.o
 .debug_aranges
                0x0000000000000128       0x28 Core/Src/system_stm32g0xx.o
 .debug_aranges
                0x0000000000000150       0x28 Core/Startup/startup_stm32g070rbtx.o
 .debug_aranges
                0x0000000000000178       0xf8 Drivers/STM32G0xx_HAL_Driver/Src/stm32g0xx_hal.o
 .debug_aranges
                0x0000000000000270       0xd8 Drivers/STM32G0xx_HAL_Driver/Src/stm32g0xx_hal_cortex.o
 .debug_aranges
                0x0000000000000348       0x90 Drivers/STM32G0xx_HAL_Driver/Src/stm32g0xx_hal_dma.o
 .debug_aranges
                0x00000000000003d8       0x60 Drivers/STM32G0xx_HAL_Driver/Src/stm32g0xx_hal_gpio.o
 .debug_aranges
                0x0000000000000438       0x78 Drivers/STM32G0xx_HAL_Driver/Src/stm32g0xx_hal_pwr.o
 .debug_aranges
                0x00000000000004b0       0x98 Drivers/STM32G0xx_HAL_Driver/Src/stm32g0xx_hal_pwr_ex.o
 .debug_aranges
                0x0000000000000548       0x98 Drivers/STM32G0xx_HAL_Driver/Src/stm32g0xx_hal_rcc.o
 .debug_aranges
                0x00000000000005e0       0x40 Drivers/STM32G0xx_HAL_Driver/Src/stm32g0xx_hal_rcc_ex.o
 .debug_aranges
                0x0000000000000620      0x248 Drivers/STM32G0xx_HAL_Driver/Src/stm32g0xx_hal_uart.o
 .debug_aranges
                0x0000000000000868       0xa0 Drivers/STM32G0xx_HAL_Driver/Src/stm32g0xx_hal_uart_ex.o

.debug_ranges   0x0000000000000000      0x840
 .debug_ranges  0x0000000000000000       0x40 Core/Src/main.o
 .debug_ranges  0x0000000000000040       0x48 Core/Src/parcel_locker.o
 .debug_ranges  0x0000000000000088       0x20 Core/Src/stm32g0xx_hal_msp.o
 .debug_ranges  0x00000000000000a8       0x40 Core/Src/stm32g0xx_it.o
 .debug_ranges  0x00000000000000e8       0x18 Core/Src/system_stm32g0xx.o
 .debug_ranges  0x0000000000000100       0x20 Core/Startup/startup_stm32g070rbtx.o
 .debug_ranges  0x0000000000000120       0xe8 Drivers/STM32G0xx_HAL_Driver/Src/stm32g0xx_hal.o
 .debug_ranges  0x0000000000000208       0xc8 Drivers/STM32G0xx_HAL_Driver/Src/stm32g0xx_hal_cortex.o
 .debug_ranges  0x00000000000002d0       0x80 Drivers/STM32G0xx_HAL_Driver/Src/stm32g0xx_hal_dma.o
 .debug_ranges  0x0000000000000350       0x50 Drivers/STM32G0xx_HAL_Driver/Src/stm32g0xx_hal_gpio.o
 .debug_ranges  0x00000000000003a0       0x68 Drivers/STM32G0xx_HAL_Driver/Src/stm32g0xx_hal_pwr.o
 .debug_ranges  0x0000000000000408       0x88 Drivers/STM32G0xx_HAL_Driver/Src/stm32g0xx_hal_pwr_ex.o
 .debug_ranges  0x0000000000000490       0x88 Drivers/STM32G0xx_HAL_Driver/Src/stm32g0xx_hal_rcc.o
 .debug_ranges  0x0000000000000518       0x30 Drivers/STM32G0xx_HAL_Driver/Src/stm32g0xx_hal_rcc_ex.o
 .debug_ranges  0x0000000000000548      0x268 Drivers/STM32G0xx_HAL_Driver/Src/stm32g0xx_hal_uart.o
 .debug_ranges  0x00000000000007b0       0x90 Drivers/STM32G0xx_HAL_Driver/Src/stm32g0xx_hal_uart_ex.o

.debug_macro    0x0000000000000000    0x155ed
 .debug_macro   0x0000000000000000      0x2b6 Core/Src/main.o
 .debug_macro   0x00000000000002b6      0xa7e Core/Src/main.o
 .debug_macro   0x0000000000000d34      0x117 Core/Src/main.o
 .debug_macro   0x0000000000000e4b       0x2e Core/Src/main.o
 .debug_macro   0x0000000000000e79       0x28 Core/Src/main.o
 .debug_macro   0x0000000000000ea1       0x22 Core/Src/main.o
 .debug_macro   0x0000000000000ec3       0x8e Core/Src/main.o
 .debug_macro   0x0000000000000f51       0x51 Core/Src/main.o
 .debug_macro   0x0000000000000fa2      0x103 Core/Src/main.o
 .debug_macro   0x00000000000010a5       0x6a Core/Src/main.o
 .debug_macro   0x000000000000110f      0x1df Core/Src/main.o
 .debug_macro   0x00000000000012ee       0x1c Core/Src/main.o
 .debug_macro   0x000000000000130a       0x22 Core/Src/main.o
 .debug_macro   0x000000000000132c       0xd7 Core/Src/main.o
 .debug_macro   0x0000000000001403      0x4da Core/Src/main.o
 .debug_macro   0x00000000000018dd      0x11f Core/Src/main.o
 .debug_macro   0x00000000000019fc     0xa4a0 Core/Src/main.o
 .debug_macro   0x000000000000be9c       0x3c Core/Src/main.o
 .debug_macro   0x000000000000bed8     0x34b5 Core/Src/main.o
 .debug_macro   0x000000000000f38d      0x174 Core/Src/main.o
 .debug_macro   0x000000000000f501       0x5c Core/Src/main.o
 .debug_macro   0x000000000000f55d      0x485 Core/Src/main.o
 .debug_macro   0x000000000000f9e2      0xe2f Core/Src/main.o
 .debug_macro   0x0000000000010811      0x13e Core/Src/main.o
 .debug_macro   0x000000000001094f      0x153 Core/Src/main.o
 .debug_macro   0x0000000000010aa2      0x13e Core/Src/main.o
 .debug_macro   0x0000000000010be0      0x3a8 Core/Src/main.o
 .debug_macro   0x0000000000010f88      0x280 Core/Src/main.o
 .debug_macro   0x0000000000011208      0x345 Core/Src/main.o
 .debug_macro   0x000000000001154d      0x198 Core/Src/main.o
 .debug_macro   0x00000000000116e5       0x43 Core/Src/main.o
 .debug_macro   0x0000000000011728      0x1f1 Core/Src/main.o
 .debug_macro   0x0000000000011919      0x1d7 Core/Src/main.o
 .debug_macro   0x0000000000011af0      0x2a3 Core/Src/main.o
 .debug_macro   0x0000000000011d93       0x28 Core/Src/main.o
 .debug_macro   0x0000000000011dbb       0xcf Core/Src/main.o
 .debug_macro   0x0000000000011e8a      0x118 Core/Src/main.o
 .debug_macro   0x0000000000011fa2      0x10d Core/Src/main.o
 .debug_macro   0x00000000000120af      0x67e Core/Src/main.o
 .debug_macro   0x000000000001272d       0xa6 Core/Src/main.o
 .debug_macro   0x00000000000127d3      0x43d Core/Src/main.o
 .debug_macro   0x0000000000012c10       0x52 Core/Src/main.o
 .debug_macro   0x0000000000012c62       0x18 Core/Src/main.o
 .debug_macro   0x0000000000012c7a       0x3c Core/Src/main.o
 .debug_macro   0x0000000000012cb6       0x34 Core/Src/main.o
 .debug_macro   0x0000000000012cea       0x16 Core/Src/main.o
 .debug_macro   0x0000000000012d00       0x43 Core/Src/main.o
 .debug_macro   0x0000000000012d43       0x34 Core/Src/main.o
 .debug_macro   0x0000000000012d77       0x10 Core/Src/main.o
 .debug_macro   0x0000000000012d87       0x58 Core/Src/main.o
 .debug_macro   0x0000000000012ddf       0x71 Core/Src/main.o
 .debug_macro   0x0000000000012e50       0x1c Core/Src/main.o
 .debug_macro   0x0000000000012e6c      0x12a Core/Src/main.o
 .debug_macro   0x0000000000012f96      0x333 Core/Src/main.o
 .debug_macro   0x00000000000132c9       0x10 Core/Src/main.o
 .debug_macro   0x00000000000132d9       0x35 Core/Src/main.o
 .debug_macro   0x000000000001330e       0x20 Core/Src/main.o
 .debug_macro   0x000000000001332e       0x10 Core/Src/main.o
 .debug_macro   0x000000000001333e      0x2b6 Core/Src/parcel_locker.o
 .debug_macro   0x00000000000135f4       0x4c Core/Src/parcel_locker.o
 .debug_macro   0x0000000000013640       0x94 Core/Src/parcel_locker.o
 .debug_macro   0x00000000000136d4       0x57 Core/Src/parcel_locker.o
 .debug_macro   0x000000000001372b      0x339 Core/Src/parcel_locker.o
 .debug_macro   0x0000000000013a64       0xd1 Core/Src/parcel_locker.o
 .debug_macro   0x0000000000013b35       0x56 Core/Src/parcel_locker.o
 .debug_macro   0x0000000000013b8b       0x3a Core/Src/parcel_locker.o
 .debug_macro   0x0000000000013bc5      0x2b6 Core/Src/stm32g0xx_hal_msp.o
 .debug_macro   0x0000000000013e7b      0x2c0 Core/Src/stm32g0xx_it.o
 .debug_macro   0x000000000001413b      0x1d1 Core/Src/system_stm32g0xx.o
 .debug_macro   0x000000000001430c      0x1e9 Drivers/STM32G0xx_HAL_Driver/Src/stm32g0xx_hal.o
 .debug_macro   0x00000000000144f5      0x1cb Drivers/STM32G0xx_HAL_Driver/Src/stm32g0xx_hal_cortex.o
 .debug_macro   0x00000000000146c0      0x1cb Drivers/STM32G0xx_HAL_Driver/Src/stm32g0xx_hal_dma.o
 .debug_macro   0x000000000001488b      0x203 Drivers/STM32G0xx_HAL_Driver/Src/stm32g0xx_hal_gpio.o
 .debug_macro   0x0000000000014a8e      0x1cb Drivers/STM32G0xx_HAL_Driver/Src/stm32g0xx_hal_pwr.o
 .debug_macro   0x0000000000014c59      0x1dd Drivers/STM32G0xx_HAL_Driver/Src/stm32g0xx_hal_pwr_ex.o
 .debug_macro   0x0000000000014e36      0x207 Drivers/STM32G0xx_HAL_Driver/Src/stm32g0xx_hal_rcc.o
 .debug_macro   0x000000000001503d      0x1e3 Drivers/STM32G0xx_HAL_Driver/Src/stm32g0xx_hal_rcc_ex.o
 .debug_macro   0x0000000000015220      0x1f6 Drivers/STM32G0xx_HAL_Driver/Src/stm32g0xx_hal_uart.o
 .debug_macro   0x0000000000015416      0x1d7 Drivers/STM32G0xx_HAL_Driver/Src/stm32g0xx_hal_uart_ex.o

.debug_line     0x0000000000000000     0xb68d
 .debug_line    0x0000000000000000      0x9e3 Core/Src/main.o
 .debug_line    0x00000000000009e3      0xbb5 Core/Src/parcel_locker.o
 .debug_line    0x0000000000001598      0x8ff Core/Src/stm32g0xx_hal_msp.o
 .debug_line    0x0000000000001e97      0x91c Core/Src/stm32g0xx_it.o
 .debug_line    0x00000000000027b3      0x783 Core/Src/system_stm32g0xx.o
 .debug_line    0x0000000000002f36       0x89 Core/Startup/startup_stm32g070rbtx.o
 .debug_line    0x0000000000002fbf      0xa1e Drivers/STM32G0xx_HAL_Driver/Src/stm32g0xx_hal.o
 .debug_line    0x00000000000039dd      0xb32 Drivers/STM32G0xx_HAL_Driver/Src/stm32g0xx_hal_cortex.o
 .debug_line    0x000000000000450f      0xd52 Drivers/STM32G0xx_HAL_Driver/Src/stm32g0xx_hal_dma.o
 .debug_line    0x0000000000005261      0xb28 Drivers/STM32G0xx_HAL_Driver/Src/stm32g0xx_hal_gpio.o
 .debug_line    0x0000000000005d89      0x85d Drivers/STM32G0xx_HAL_Driver/Src/stm32g0xx_hal_pwr.o
 .debug_line    0x00000000000065e6      0x940 Drivers/STM32G0xx_HAL_Driver/Src/stm32g0xx_hal_pwr_ex.o
 .debug_line    0x0000000000006f26      0xeac Drivers/STM32G0xx_HAL_Driver/Src/stm32g0xx_hal_rcc.o
 .debug_line    0x0000000000007dd2      0xaea Drivers/STM32G0xx_HAL_Driver/Src/stm32g0xx_hal_rcc_ex.o
 .debug_line    0x00000000000088bc     0x20c9 Drivers/STM32G0xx_HAL_Driver/Src/stm32g0xx_hal_uart.o
 .debug_line    0x000000000000a985      0xd08 Drivers/STM32G0xx_HAL_Driver/Src/stm32g0xx_hal_uart_ex.o

.debug_str      0x0000000000000000    0x8208b
 .debug_str     0x0000000000000000    0x7fafc Core/Src/main.o
                                      0x800c5 (size before relaxing)
 .debug_str     0x000000000007fafc      0x365 Core/Src/parcel_locker.o
                                      0x7fe94 (size before relaxing)
 .debug_str     0x000000000007fe61       0x50 Core/Src/stm32g0xx_hal_msp.o
                                      0x7fea0 (size before relaxing)
 .debug_str     0x000000000007feb1       0xa1 Core/Src/stm32g0xx_it.o
                                      0x7fbfb (size before relaxing)
 .debug_str     0x000000000007ff52       0x9c Core/Src/system_stm32g0xx.o
                                      0x7c57b (size before relaxing)
 .debug_str     0x000000000007ffee       0x36 Core/Startup/startup_stm32g070rbtx.o
                                         0x7b (size before relaxing)
 .debug_str     0x0000000000080024      0x3fb Drivers/STM32G0xx_HAL_Driver/Src/stm32g0xx_hal.o
                                      0x7cb49 (size before relaxing)
 .debug_str     0x000000000008041f      0x293 Drivers/STM32G0xx_HAL_Driver/Src/stm32g0xx_hal_cortex.o
                                      0x7c9b1 (size before relaxing)
 .debug_str     0x00000000000806b2      0x2bf Drivers/STM32G0xx_HAL_Driver/Src/stm32g0xx_hal_dma.o
                                      0x7c9c4 (size before relaxing)
 .debug_str     0x0000000000080971      0x236 Drivers/STM32G0xx_HAL_Driver/Src/stm32g0xx_hal_gpio.o
                                      0x7c749 (size before relaxing)
 .debug_str     0x0000000000080ba7      0x1db Drivers/STM32G0xx_HAL_Driver/Src/stm32g0xx_hal_pwr.o
                                      0x7c70f (size before relaxing)
 .debug_str     0x0000000000080d82      0x1f9 Drivers/STM32G0xx_HAL_Driver/Src/stm32g0xx_hal_pwr_ex.o
                                      0x7c7b1 (size before relaxing)
 .debug_str     0x0000000000080f7b      0x360 Drivers/STM32G0xx_HAL_Driver/Src/stm32g0xx_hal_rcc.o
                                      0x7cacf (size before relaxing)
 .debug_str     0x00000000000812db      0x16c Drivers/STM32G0xx_HAL_Driver/Src/stm32g0xx_hal_rcc_ex.o
                                      0x7c830 (size before relaxing)
 .debug_str     0x0000000000081447      0x95f Drivers/STM32G0xx_HAL_Driver/Src/stm32g0xx_hal_uart.o
                                      0x7d3aa (size before relaxing)
 .debug_str     0x0000000000081da6      0x2e5 Drivers/STM32G0xx_HAL_Driver/Src/stm32g0xx_hal_uart_ex.o
                                      0x7cc85 (size before relaxing)

.comment        0x0000000000000000       0x53
 .comment       0x0000000000000000       0x53 Core/Src/main.o
                                         0x54 (size before relaxing)
 .comment       0x0000000000000053       0x54 Core/Src/parcel_locker.o
 .comment       0x0000000000000053       0x54 Core/Src/stm32g0xx_hal_msp.o
 .comment       0x0000000000000053       0x54 Core/Src/stm32g0xx_it.o
 .comment       0x0000000000000053       0x54 Core/Src/system_stm32g0xx.o
 .comment       0x0000000000000053       0x54 Drivers/STM32G0xx_HAL_Driver/Src/stm32g0xx_hal.o
 .comment       0x0000000000000053       0x54 Drivers/STM32G0xx_HAL_Driver/Src/stm32g0xx_hal_cortex.o
 .comment       0x0000000000000053       0x54 Drivers/STM32G0xx_HAL_Driver/Src/stm32g0xx_hal_dma.o
 .comment       0x0000000000000053       0x54 Drivers/STM32G0xx_HAL_Driver/Src/stm32g0xx_hal_gpio.o
 .comment       0x0000000000000053       0x54 Drivers/STM32G0xx_HAL_Driver/Src/stm32g0xx_hal_pwr.o
 .comment       0x0000000000000053       0x54 Drivers/STM32G0xx_HAL_Driver/Src/stm32g0xx_hal_pwr_ex.o
 .comment       0x0000000000000053       0x54 Drivers/STM32G0xx_HAL_Driver/Src/stm32g0xx_hal_rcc.o
 .comment       0x0000000000000053       0x54 Drivers/STM32G0xx_HAL_Driver/Src/stm32g0xx_hal_rcc_ex.o
 .comment       0x0000000000000053       0x54 Drivers/STM32G0xx_HAL_Driver/Src/stm32g0xx_hal_uart.o
 .comment       0x0000000000000053       0x54 Drivers/STM32G0xx_HAL_Driver/Src/stm32g0xx_hal_uart_ex.o

.debug_frame    0x0000000000000000     0x1e88
 .debug_frame   0x0000000000000000       0xe4 Core/Src/main.o
 .debug_frame   0x00000000000000e4      0x118 Core/Src/parcel_locker.o
 .debug_frame   0x00000000000001fc       0x70 Core/Src/stm32g0xx_hal_msp.o
 .debug_frame   0x000000000000026c       0xd4 Core/Src/stm32g0xx_it.o
 .debug_frame   0x0000000000000340       0x4c Core/Src/system_stm32g0xx.o
 .debug_frame   0x000000000000038c      0x340 Drivers/STM32G0xx_HAL_Driver/Src/stm32g0xx_hal.o
 .debug_frame   0x00000000000006cc      0x2fc Drivers/STM32G0xx_HAL_Driver/Src/stm32g0xx_hal_cortex.o
 .debug_frame   0x00000000000009c8      0x1f0 Drivers/STM32G0xx_HAL_Driver/Src/stm32g0xx_hal_dma.o
 .debug_frame   0x0000000000000bb8      0x130 Drivers/STM32G0xx_HAL_Driver/Src/stm32g0xx_hal_gpio.o
 .debug_frame   0x0000000000000ce8      0x170 Drivers/STM32G0xx_HAL_Driver/Src/stm32g0xx_hal_pwr.o
 .debug_frame   0x0000000000000e58      0x1f4 Drivers/STM32G0xx_HAL_Driver/Src/stm32g0xx_hal_pwr_ex.o
 .debug_frame   0x000000000000104c      0x1f4 Drivers/STM32G0xx_HAL_Driver/Src/stm32g0xx_hal_rcc.o
 .debug_frame   0x0000000000001240       0xb0 Drivers/STM32G0xx_HAL_Driver/Src/stm32g0xx_hal_rcc_ex.o
 .debug_frame   0x00000000000012f0      0x8d0 Drivers/STM32G0xx_HAL_Driver/Src/stm32g0xx_hal_uart.o
 .debug_frame   0x0000000000001bc0      0x23c Drivers/STM32G0xx_HAL_Driver/Src/stm32g0xx_hal_uart_ex.o
 .debug_frame   0x0000000000001dfc       0x2c /Applications/STM32CubeIDE.app/Contents/Eclipse/plugins/com.st.stm32cube.ide.mcu.externaltools.gnu-tools-for-stm32.9-2020-q2-update.macos64_1.5.0.202011040924/tools/bin/../lib/gcc/arm-none-eabi/9.3.1/../../../../arm-none-eabi/lib/thumb/v6-m/nofp/libc_nano.a(lib_a-init.o)
 .debug_frame   0x0000000000001e28       0x20 /Applications/STM32CubeIDE.app/Contents/Eclipse/plugins/com.st.stm32cube.ide.mcu.externaltools.gnu-tools-for-stm32.9-2020-q2-update.macos64_1.5.0.202011040924/tools/bin/../lib/gcc/arm-none-eabi/9.3.1/../../../../arm-none-eabi/lib/thumb/v6-m/nofp/libc_nano.a(lib_a-memset.o)
 .debug_frame   0x0000000000001e48       0x20 /Applications/STM32CubeIDE.app/Contents/Eclipse/plugins/com.st.stm32cube.ide.mcu.externaltools.gnu-tools-for-stm32.9-2020-q2-update.macos64_1.5.0.202011040924/tools/bin/../lib/gcc/arm-none-eabi/9.3.1/thumb/v6-m/nofp/libgcc.a(_udivsi3.o)
 .debug_frame   0x0000000000001e68       0x20 /Applications/STM32CubeIDE.app/Contents/Eclipse/plugins/com.st.stm32cube.ide.mcu.externaltools.gnu-tools-for-stm32.9-2020-q2-update.macos64_1.5.0.202011040924/tools/bin/../lib/gcc/arm-none-eabi/9.3.1/thumb/v6-m/nofp/libgcc.a(_divsi3.o)
